{"level":"info","message":"⌛ Validating mainExample.wpgm","timeElapsed":264,"timestamp":"2026-06-15T03:52:47.657Z"}
{"level":"info","message":"⌛ Building environment","timeElapsed":736,"timestamp":"2026-06-15T03:52:48.479Z"}
{"level":"info","message":"⌛ Building environment","timeElapsed":301,"timestamp":"2026-06-15T03:52:48.791Z"}
{"level":"info","message":"⌛ Building environment","timeElapsed":354,"timestamp":"2026-06-15T03:52:49.146Z"}
{"level":"info","message":"⌛ Building environment","timeElapsed":278,"timestamp":"2026-06-15T03:52:49.425Z"}
{"level":"info","message":"⌛ Building environment","timeElapsed":215,"timestamp":"2026-06-15T03:52:49.641Z"}
{"level":"info","message":"⌛ Building environment","timeElapsed":219,"timestamp":"2026-06-15T03:52:49.861Z"}
{"level":"info","message":"⌛ Building environment","timeElapsed":148,"timestamp":"2026-06-15T03:52:50.010Z"}
{"level":"info","message":"⌛ Building environment","timeElapsed":160,"timestamp":"2026-06-15T03:52:50.187Z"}
{"level":"info","message":"⌛ Building environment","timeElapsed":223,"timestamp":"2026-06-15T03:52:50.430Z"}
{"level":"info","message":"⌛ Building environment","timeElapsed":224,"timestamp":"2026-06-15T03:52:50.685Z"}
{"level":"info","message":"⌛ Building environment","timeElapsed":220,"timestamp":"2026-06-15T03:52:50.922Z"}
{"level":"info","message":"⌛ Building environment","timeElapsed":568,"timestamp":"2026-06-15T03:52:51.529Z"}
{"level":"info","message":"⌛ Building environment","timeElapsed":240,"timestamp":"2026-06-15T03:52:51.786Z"}
{"level":"info","message":"⌛ Building environment","timeElapsed":235,"timestamp":"2026-06-15T03:52:52.040Z"}
{"level":"info","message":"⌛ Building environment","timeElapsed":281,"timestamp":"2026-06-15T03:52:52.343Z"}
{"level":"info","message":"⌛ Building environment","timeElapsed":254,"timestamp":"2026-06-15T03:52:52.620Z"}
{"level":"info","message":"⌛ Building environment","timeElapsed":259,"timestamp":"2026-06-15T03:52:52.904Z"}
{"level":"info","message":"⌛ Building environment","timeElapsed":248,"timestamp":"2026-06-15T03:52:53.174Z"}
{"level":"info","message":"⌛ Building environment","timeElapsed":199,"timestamp":"2026-06-15T03:52:53.403Z"}
{"level":"info","message":"⌛ Building environment","timeElapsed":184,"timestamp":"2026-06-15T03:52:53.621Z"}
{"level":"info","message":"⌛ Building environment","timeElapsed":204,"timestamp":"2026-06-15T03:52:53.893Z"}
{"level":"info","message":"⌛ Building environment","timeElapsed":468,"timestamp":"2026-06-15T03:52:54.397Z"}
{"level":"info","message":"⌛ Building environment","timeElapsed":279,"timestamp":"2026-06-15T03:52:54.699Z"}
{"level":"info","message":"⌛ Building environment","timeElapsed":191,"timestamp":"2026-06-15T03:52:54.919Z"}
{"level":"info","message":"⌛ Building environment","timeElapsed":369,"timestamp":"2026-06-15T03:52:55.350Z"}
{"level":"info","message":"⌛ Building environment","timeElapsed":167,"timestamp":"2026-06-15T03:52:55.542Z"}
{"level":"info","message":"⌛ Building environment","timeElapsed":168,"timestamp":"2026-06-15T03:52:55.755Z"}
{"level":"info","message":"⌛ Building environment","timeElapsed":245,"timestamp":"2026-06-15T03:52:56.039Z"}
{"level":"info","message":"⌛ Building environment","timeElapsed":758,"timestamp":"2026-06-15T03:52:56.825Z"}
{"level":"info","message":"⌛ Building environment","timeElapsed":1115,"timestamp":"2026-06-15T03:52:58.025Z"}
{"level":"info","message":"⌛ Building environment","timeElapsed":188,"timestamp":"2026-06-15T03:52:58.237Z"}
{"level":"info","message":"⌛ Building environment","timeElapsed":253,"timestamp":"2026-06-15T03:52:58.533Z"}
{"level":"info","message":"⌛ Building environment","timeElapsed":250,"timestamp":"2026-06-15T03:52:58.790Z"}
{"level":"info","message":"⌛ Building environment","timeElapsed":196,"timestamp":"2026-06-15T03:52:59.012Z"}
{"level":"info","message":"⌛ Building environment","timeElapsed":268,"timestamp":"2026-06-15T03:52:59.287Z"}
{"level":"info","message":"⌛ Building environment","timeElapsed":183,"timestamp":"2026-06-15T03:52:59.483Z"}
{"level":"info","message":"⌛ Building environment","timeElapsed":231,"timestamp":"2026-06-15T03:52:59.727Z"}
{"level":"info","message":"⌛ Building environment","timeElapsed":214,"timestamp":"2026-06-15T03:52:59.997Z"}
{"level":"info","message":"⌛ Validating mainExample.wpgm","timeElapsed":292,"timestamp":"2026-06-15T03:53:00.369Z"}
{"level":"info","message":"⌛ Building environment","timeElapsed":430,"timestamp":"2026-06-15T03:53:00.802Z"}
{"level":"info","message":"⌛ Building environment","timeElapsed":267,"timestamp":"2026-06-15T03:53:01.088Z"}
{"level":"info","message":"⌛ Validating mainExample.wpgm","timeElapsed":321,"timestamp":"2026-06-15T03:53:01.431Z"}
{"level":"info","message":"⌛ Building environment","timeElapsed":201,"timestamp":"2026-06-15T03:53:01.646Z"}
{"level":"info","message":"⌛ Validating mainExample.wpgm","timeElapsed":397,"timestamp":"2026-06-15T03:53:02.076Z"}
{"level":"info","message":"⌛ Validating mainExample.wpgm","timeElapsed":335,"timestamp":"2026-06-15T03:53:02.412Z"}
{"level":"info","message":"⌛ Validating mainExample.wpgm","timeElapsed":332,"timestamp":"2026-06-15T03:53:02.744Z"}
{"level":"info","message":"⌛ Validating mainExample.wpgm","timeElapsed":216,"timestamp":"2026-06-15T03:53:02.961Z"}
{"level":"info","message":"⌛ Validating mainExample.wpgm","timeElapsed":249,"timestamp":"2026-06-15T03:53:03.214Z"}
{"level":"info","message":"⌛ Validating mainExample.wpgm","timeElapsed":280,"timestamp":"2026-06-15T03:53:03.496Z"}
{"level":"info","message":"⌛ Validating mainExample.wpgm","timeElapsed":548,"timestamp":"2026-06-15T03:53:04.047Z"}
{"level":"info","message":"⌛ Validating mainExample.wpgm","timeElapsed":260,"timestamp":"2026-06-15T03:53:04.308Z"}
{"level":"info","message":"⌛ Validating mainExample.wpgm","timeElapsed":188,"timestamp":"2026-06-15T03:53:04.496Z"}
{"level":"info","message":"⌛ Validating mainExample.wpgm","timeElapsed":162,"timestamp":"2026-06-15T03:53:04.659Z"}
{"level":"info","message":"⌛ Validating mainExample.wpgm","timeElapsed":161,"timestamp":"2026-06-15T03:53:04.822Z"}
{"level":"info","message":"⌛ Validating mainExample.wpgm","timeElapsed":155,"timestamp":"2026-06-15T03:53:04.978Z"}
{"level":"info","message":"⌛ Validating mainExample.wpgm","timeElapsed":142,"timestamp":"2026-06-15T03:53:05.120Z"}
{"level":"info","message":"⌛ Validating mainExample.wpgm","timeElapsed":146,"timestamp":"2026-06-15T03:53:05.266Z"}
{"level":"info","message":"⌛ Validating mainExample.wpgm","timeElapsed":147,"timestamp":"2026-06-15T03:53:05.414Z"}
{"level":"info","message":"⌛ Validating mainExample.wpgm","timeElapsed":138,"timestamp":"2026-06-15T03:53:05.553Z"}
{"level":"info","message":"⌛ Validating mainExample.wpgm","timeElapsed":144,"timestamp":"2026-06-15T03:53:05.701Z"}
{"level":"info","message":"⌛ Building environment","timeElapsed":129,"timestamp":"2026-06-15T03:53:05.838Z"}
{"level":"info","message":"⌛ Validating mainExample.wpgm","timeElapsed":160,"timestamp":"2026-06-15T03:53:06.017Z"}
{"level":"info","message":"⌛ Validating mainExample.wpgm","timeElapsed":144,"timestamp":"2026-06-15T03:53:06.162Z"}
{"level":"info","message":"⌛ Validating mainExample.wpgm","timeElapsed":143,"timestamp":"2026-06-15T03:53:06.306Z"}
{"level":"info","message":"⌛ Validating mainExample.wpgm","timeElapsed":146,"timestamp":"2026-06-15T03:53:06.453Z"}
{"level":"info","message":"⌛ Validating mainExample.wpgm","timeElapsed":170,"timestamp":"2026-06-15T03:53:06.624Z"}
{"level":"info","message":"⌛ Building environment","timeElapsed":149,"timestamp":"2026-06-15T03:53:06.773Z"}
{"level":"info","message":"⌛ Validating mainExample.wpgm","timeElapsed":160,"timestamp":"2026-06-15T03:53:06.948Z"}
{"level":"info","message":"⌛ Validating mainExample.wpgm","timeElapsed":151,"timestamp":"2026-06-15T03:53:07.110Z"}
{"level":"info","message":"⌛ Validating mainExample.wpgm","timeElapsed":197,"timestamp":"2026-06-15T03:53:07.310Z"}
{"level":"info","message":"⌛ Validating mainExample.wpgm","timeElapsed":583,"timestamp":"2026-06-15T03:53:07.903Z"}
{"level":"info","message":"⌛ Building environment","timeElapsed":1279,"timestamp":"2026-06-15T03:53:09.184Z"}
{"level":"info","message":"⌛ Validating mainExample.wpgm","timeElapsed":516,"timestamp":"2026-06-15T03:53:09.735Z"}
{"level":"info","message":"⌛ Building environment","timeElapsed":534,"timestamp":"2026-06-15T03:53:10.272Z"}
{"level":"info","message":"⌛ Validating mainExample.wpgm","timeElapsed":353,"timestamp":"2026-06-15T03:53:10.851Z"}
{"level":"info","message":"⌛ Validating mainExample.wpgm","timeElapsed":417,"timestamp":"2026-06-15T03:53:11.268Z"}
{"level":"info","message":"⌛ Validating mainExample.wpgm","timeElapsed":372,"timestamp":"2026-06-15T03:53:11.640Z"}
{"level":"info","message":"⌛ Building environment","timeElapsed":219,"timestamp":"2026-06-15T03:53:11.860Z"}
{"level":"info","message":"⌛ Validating mainExample.wpgm","timeElapsed":410,"timestamp":"2026-06-15T03:53:12.288Z"}
{"level":"info","message":"⌛ Validating mainExample.wpgm","timeElapsed":431,"timestamp":"2026-06-15T03:53:12.734Z"}
{"level":"info","message":"⌛ Validating mainExample.wpgm","timeElapsed":336,"timestamp":"2026-06-15T03:53:13.070Z"}
{"level":"info","message":"⌛ Validating mainExample.wpgm","timeElapsed":497,"timestamp":"2026-06-15T03:53:13.568Z"}
{"level":"info","message":"⌛ Building environment","timeElapsed":296,"timestamp":"2026-06-15T03:53:13.868Z"}
{"level":"info","message":"⌛ Validating mainExample.wpgm","timeElapsed":433,"timestamp":"2026-06-15T03:53:14.331Z"}
{"level":"info","message":"⌛ Building environment","timeElapsed":164,"timestamp":"2026-06-15T03:53:14.514Z"}
{"level":"info","message":"⌛ Validating mainExample.wpgm","timeElapsed":239,"timestamp":"2026-06-15T03:53:14.868Z"}
{"level":"info","message":"⌛ Validating mainExample.wpgm","timeElapsed":162,"timestamp":"2026-06-15T03:53:15.031Z"}
{"level":"info","message":"⌛ Building environment","timeElapsed":147,"timestamp":"2026-06-15T03:53:15.180Z"}
{"level":"info","message":"⌛ Building environment","timeElapsed":179,"timestamp":"2026-06-15T03:53:15.374Z"}
{"level":"info","message":"⌛ Validating mainExample.wpgm","timeElapsed":257,"timestamp":"2026-06-15T03:53:15.680Z"}
{"level":"info","message":"⌛ Validating mainExample.wpgm","timeElapsed":189,"timestamp":"2026-06-15T03:53:15.888Z"}
{"level":"info","message":"⌛ Validating mainExample.wpgm","timeElapsed":304,"timestamp":"2026-06-15T03:53:16.342Z"}
{"level":"info","message":"⌛ Validating mainExample.wpgm","timeElapsed":207,"timestamp":"2026-06-15T03:53:16.555Z"}
{"level":"info","message":"⌛ Validating mainExample.wpgm","timeElapsed":325,"timestamp":"2026-06-15T03:53:16.888Z"}
{"level":"info","message":"⌛ Validating mainExample.wpgm","timeElapsed":348,"timestamp":"2026-06-15T03:53:17.238Z"}
{"level":"info","message":"⌛ Validating mainExample.wpgm","timeElapsed":324,"timestamp":"2026-06-15T03:53:17.622Z"}
{"level":"info","message":"⌛ Validating mainExample.wpgm","timeElapsed":300,"timestamp":"2026-06-15T03:53:18.057Z"}
{"level":"info","message":"⌛ Validating mainExample.wpgm","timeElapsed":185,"timestamp":"2026-06-15T03:53:18.243Z"}
{"level":"info","message":"⌛ Validating mainExample.wpgm","timeElapsed":208,"timestamp":"2026-06-15T03:53:18.466Z"}
{"level":"info","message":"⌛ Validating mainExample.wpgm","timeElapsed":162,"timestamp":"2026-06-15T03:53:18.640Z"}
{"level":"info","message":"🚀 Program executed \u001b[3m\u001b[34mmainExample.PiedraPapelTijera\u001b[39m\u001b[23m on \u001b[3m\u001b[34mc:\\Users\\Estudiante\\Desktop\\Piedra-Papel-Tijera.wollok\u001b[39m\u001b[23m","ok":true,"timeElapsed":1232,"timestamp":"2026-06-15T03:53:42.027Z"}
{"exitCode":"SIGINT","level":"info","message":"👾 Game executed mainExample.PiedraPapelTijera on c:\\Users\\Estudiante\\Desktop\\Piedra-Papel-Tijera.wollok","timeElapsed":29982,"timestamp":"2026-06-15T03:54:10.775Z"}
{"level":"info","message":"⌛ Building environment","timeElapsed":623,"timestamp":"2026-06-15T03:54:40.319Z"}
{"level":"info","message":"⌛ Building environment","timeElapsed":372,"timestamp":"2026-06-15T03:54:40.807Z"}
{"level":"info","message":"⌛ Building environment","timeElapsed":285,"timestamp":"2026-06-15T03:54:41.140Z"}
{"level":"info","message":"⌛ Building environment","timeElapsed":299,"timestamp":"2026-06-15T03:54:41.446Z"}
{"level":"info","message":"⌛ Validating game.wlk","timeElapsed":523,"timestamp":"2026-06-15T03:54:41.972Z"}
{"level":"info","message":"⌛ Building environment","timeElapsed":512,"timestamp":"2026-06-15T03:54:42.486Z"}
{"level":"info","message":"⌛ Validating game.wlk","timeElapsed":431,"timestamp":"2026-06-15T03:54:42.981Z"}
{"level":"info","message":"⌛ Building environment","timeElapsed":284,"timestamp":"2026-06-15T03:54:43.266Z"}
{"level":"info","message":"⌛ Building environment","timeElapsed":295,"timestamp":"2026-06-15T03:54:43.595Z"}
{"level":"info","message":"⌛ Validating game.wlk","timeElapsed":324,"timestamp":"2026-06-15T03:54:43.975Z"}
{"level":"info","message":"⌛ Validating game.wlk","timeElapsed":310,"timestamp":"2026-06-15T03:54:44.286Z"}
{"level":"info","message":"⌛ Validating game.wlk","timeElapsed":416,"timestamp":"2026-06-15T03:54:44.736Z"}
{"level":"info","message":"⌛ Validating game.wlk","timeElapsed":484,"timestamp":"2026-06-15T03:54:45.395Z"}
{"level":"info","message":"⌛ Validating game.wlk","timeElapsed":235,"timestamp":"2026-06-15T03:54:45.641Z"}
{"level":"info","message":"⌛ Building environment","timeElapsed":247,"timestamp":"2026-06-15T03:54:46.450Z"}
{"level":"info","message":"⌛ Validating game.wlk","timeElapsed":236,"timestamp":"2026-06-15T03:54:47.451Z"}
{"level":"info","message":"⌛ Building environment","timeElapsed":239,"timestamp":"2026-06-15T03:54:47.692Z"}
{"level":"info","message":"⌛ Building environment","timeElapsed":221,"timestamp":"2026-06-15T03:54:47.914Z"}
{"level":"info","message":"⌛ Building environment","timeElapsed":322,"timestamp":"2026-06-15T03:54:48.274Z"}
{"level":"info","message":"⌛ Validating game.wlk","timeElapsed":349,"timestamp":"2026-06-15T03:54:48.658Z"}
{"level":"info","message":"⌛ Validating game.wlk","timeElapsed":233,"timestamp":"2026-06-15T03:54:48.892Z"}
{"level":"info","message":"⌛ Validating game.wlk","timeElapsed":183,"timestamp":"2026-06-15T03:54:49.076Z"}
{"level":"info","message":"⌛ Building environment","timeElapsed":291,"timestamp":"2026-06-15T03:55:07.414Z"}
{"level":"info","message":"⌛ Validating game.wlk","timeElapsed":451,"timestamp":"2026-06-15T03:55:07.873Z"}
{"level":"info","message":"⌛ Building environment","timeElapsed":294,"timestamp":"2026-06-15T03:55:44.900Z"}
{"level":"info","message":"⌛ Validating game.wlk","timeElapsed":281,"timestamp":"2026-06-15T03:55:45.191Z"}
{"level":"info","message":"⌛ Building environment","timeElapsed":311,"timestamp":"2026-06-15T03:55:48.028Z"}
{"level":"info","message":"⌛ Validating game.wlk","timeElapsed":420,"timestamp":"2026-06-15T03:55:48.535Z"}
{"level":"info","message":"⌛ Building environment","timeElapsed":214,"timestamp":"2026-06-15T03:55:48.749Z"}
{"level":"info","message":"⌛ Building environment","timeElapsed":299,"timestamp":"2026-06-15T03:55:49.053Z"}
{"level":"info","message":"⌛ Building environment","timeElapsed":229,"timestamp":"2026-06-15T03:55:49.289Z"}
{"level":"info","message":"⌛ Building environment","timeElapsed":252,"timestamp":"2026-06-15T03:55:49.568Z"}
{"level":"info","message":"⌛ Building environment","timeElapsed":213,"timestamp":"2026-06-15T03:55:49.786Z"}
{"level":"info","message":"⌛ Building environment","timeElapsed":188,"timestamp":"2026-06-15T03:55:49.975Z"}
{"level":"info","message":"⌛ Building environment","timeElapsed":608,"timestamp":"2026-06-15T03:55:50.595Z"}
{"level":"info","message":"⌛ Validating game.wlk","timeElapsed":384,"timestamp":"2026-06-15T03:55:51.004Z"}
{"level":"info","message":"⌛ Validating game.wlk","timeElapsed":362,"timestamp":"2026-06-15T03:55:51.367Z"}
{"level":"info","message":"⌛ Validating game.wlk","timeElapsed":258,"timestamp":"2026-06-15T03:55:51.625Z"}
{"level":"info","message":"⌛ Validating game.wlk","timeElapsed":223,"timestamp":"2026-06-15T03:55:51.849Z"}
{"level":"info","message":"⌛ Validating game.wlk","timeElapsed":182,"timestamp":"2026-06-15T03:55:52.032Z"}
{"level":"info","message":"⌛ Validating game.wlk","timeElapsed":353,"timestamp":"2026-06-15T03:55:52.385Z"}
{"level":"info","message":"⌛ Building environment","timeElapsed":355,"timestamp":"2026-06-15T03:55:52.745Z"}
{"level":"info","message":"⌛ Validating game.wlk","timeElapsed":384,"timestamp":"2026-06-15T03:55:53.251Z"}
{"level":"info","message":"⌛ Building environment","timeElapsed":246,"timestamp":"2026-06-15T03:55:53.582Z"}
{"level":"info","message":"⌛ Validating game.wlk","timeElapsed":285,"timestamp":"2026-06-15T03:55:53.963Z"}
{"level":"info","message":"⌛ Validating game.wlk","timeElapsed":323,"timestamp":"2026-06-15T03:55:54.314Z"}
{"level":"info","message":"⌛ Building environment","timeElapsed":330,"timestamp":"2026-06-15T03:55:54.645Z"}
{"level":"info","message":"⌛ Building environment","timeElapsed":300,"timestamp":"2026-06-15T03:55:54.978Z"}
{"level":"info","message":"⌛ Validating game.wlk","timeElapsed":274,"timestamp":"2026-06-15T03:55:55.273Z"}
{"level":"info","message":"⌛ Building environment","timeElapsed":361,"timestamp":"2026-06-15T03:55:55.636Z"}
{"level":"info","message":"⌛ Validating game.wlk","timeElapsed":297,"timestamp":"2026-06-15T03:55:55.934Z"}
{"level":"info","message":"⌛ Building environment","timeElapsed":530,"timestamp":"2026-06-15T03:55:56.474Z"}
{"level":"info","message":"⌛ Building environment","timeElapsed":299,"timestamp":"2026-06-15T03:55:56.775Z"}
{"level":"info","message":"⌛ Validating game.wlk","timeElapsed":550,"timestamp":"2026-06-15T03:55:57.336Z"}
{"level":"info","message":"⌛ Building environment","timeElapsed":795,"timestamp":"2026-06-15T03:55:58.134Z"}
{"level":"info","message":"⌛ Building environment","timeElapsed":280,"timestamp":"2026-06-15T03:55:58.435Z"}
{"level":"info","message":"⌛ Validating game.wlk","timeElapsed":225,"timestamp":"2026-06-15T03:55:58.688Z"}
{"level":"info","message":"⌛ Validating game.wlk","timeElapsed":281,"timestamp":"2026-06-15T03:55:58.971Z"}
{"level":"info","message":"⌛ Validating game.wlk","timeElapsed":197,"timestamp":"2026-06-15T03:55:59.225Z"}
{"level":"info","message":"⌛ Validating game.wlk","timeElapsed":169,"timestamp":"2026-06-15T03:55:59.403Z"}
{"level":"info","message":"⌛ Building environment","timeElapsed":287,"timestamp":"2026-06-15T03:56:00.181Z"}
{"level":"info","message":"⌛ Validating game.wlk","timeElapsed":225,"timestamp":"2026-06-15T03:56:00.437Z"}
{"level":"info","message":"⌛ Building environment","timeElapsed":291,"timestamp":"2026-06-15T03:57:23.877Z"}
{"level":"info","message":"⌛ Validating game.wlk","timeElapsed":264,"timestamp":"2026-06-15T03:57:24.274Z"}
{"level":"info","message":"⌛ Building environment","timeElapsed":206,"timestamp":"2026-06-15T03:57:25.987Z"}
{"level":"info","message":"⌛ Building environment","timeElapsed":311,"timestamp":"2026-06-15T03:57:26.376Z"}
{"level":"info","message":"⌛ Building environment","timeElapsed":260,"timestamp":"2026-06-15T03:57:26.714Z"}
{"level":"info","message":"⌛ Validating game.wlk","timeElapsed":305,"timestamp":"2026-06-15T03:57:27.142Z"}
{"level":"info","message":"⌛ Building environment","timeElapsed":367,"timestamp":"2026-06-15T03:57:27.568Z"}
{"level":"info","message":"⌛ Validating game.wlk","timeElapsed":291,"timestamp":"2026-06-15T03:57:27.938Z"}
{"level":"info","message":"⌛ Validating game.wlk","timeElapsed":470,"timestamp":"2026-06-15T03:57:28.409Z"}
{"level":"info","message":"⌛ Validating game.wlk","timeElapsed":390,"timestamp":"2026-06-15T03:57:28.873Z"}
{"level":"info","message":"🚀 Program executed \u001b[3m\u001b[34mmainExample.PiedraPapelTijera\u001b[39m\u001b[23m on \u001b[3m\u001b[34mc:\\Users\\Estudiante\\Desktop\\Piedra-Papel-Tijera.wollok\u001b[39m\u001b[23m","ok":true,"timeElapsed":1071,"timestamp":"2026-06-15T03:57:51.633Z"}
{"level":"info","message":"⌛ Building environment","timeElapsed":329,"timestamp":"2026-06-15T03:59:22.273Z"}
{"level":"info","message":"⌛ Validating game.wlk","timeElapsed":248,"timestamp":"2026-06-15T03:59:22.713Z"}
{"level":"info","message":"⌛ Building environment","timeElapsed":316,"timestamp":"2026-06-15T03:59:23.602Z"}
{"level":"info","message":"⌛ Validating game.wlk","timeElapsed":318,"timestamp":"2026-06-15T03:59:24.034Z"}
{"level":"info","message":"⌛ Building environment","timeElapsed":324,"timestamp":"2026-06-15T03:59:24.420Z"}
{"level":"info","message":"⌛ Building environment","timeElapsed":303,"timestamp":"2026-06-15T03:59:24.744Z"}
{"level":"info","message":"⌛ Validating game.wlk","timeElapsed":341,"timestamp":"2026-06-15T03:59:25.191Z"}
{"level":"info","message":"⌛ Validating game.wlk","timeElapsed":397,"timestamp":"2026-06-15T03:59:25.590Z"}
{"level":"info","message":"⌛ Building environment","timeElapsed":311,"timestamp":"2026-06-15T03:59:33.652Z"}
{"level":"info","message":"⌛ Validating game.wlk","timeElapsed":561,"timestamp":"2026-06-15T03:59:34.326Z"}
{"level":"info","message":"⌛ Building environment","timeElapsed":336,"timestamp":"2026-06-15T03:59:34.849Z"}
{"level":"info","message":"⌛ Validating game.wlk","timeElapsed":247,"timestamp":"2026-06-15T03:59:35.151Z"}
{"level":"info","message":"⌛ Building environment","timeElapsed":257,"timestamp":"2026-06-15T03:59:56.760Z"}
{"level":"info","message":"⌛ Validating game.wlk","timeElapsed":259,"timestamp":"2026-06-15T03:59:57.054Z"}
{"exitCode":"SIGINT","level":"info","message":"👾 Game executed mainExample.PiedraPapelTijera on c:\\Users\\Estudiante\\Desktop\\Piedra-Papel-Tijera.wollok","timeElapsed":140141,"timestamp":"2026-06-15T04:00:10.703Z"}
{"level":"info","message":"🚀 Program executed \u001b[3m\u001b[34mmainExample.PiedraPapelTijera\u001b[39m\u001b[23m on \u001b[3m\u001b[34mc:\\Users\\Estudiante\\Desktop\\Piedra-Papel-Tijera.wollok\u001b[39m\u001b[23m","ok":true,"timeElapsed":1036,"timestamp":"2026-06-15T04:00:24.794Z"}
{"exitCode":"SIGINT","level":"info","message":"👾 Game executed mainExample.PiedraPapelTijera on c:\\Users\\Estudiante\\Desktop\\Piedra-Papel-Tijera.wollok","timeElapsed":256857,"timestamp":"2026-06-15T04:04:40.615Z"}
{"level":"info","message":"⌛ Building environment","timeElapsed":641,"timestamp":"2026-06-15T14:03:57.541Z"}
{"level":"info","message":"⌛ Building environment","timeElapsed":353,"timestamp":"2026-06-15T14:03:57.900Z"}
{"level":"info","message":"⌛ Building environment","timeElapsed":169,"timestamp":"2026-06-15T14:03:58.110Z"}
{"level":"info","message":"⌛ Building environment","timeElapsed":159,"timestamp":"2026-06-15T14:03:58.290Z"}
{"level":"info","message":"⌛ Building environment","timeElapsed":148,"timestamp":"2026-06-15T14:03:58.459Z"}
{"level":"info","message":"⌛ Validating game.wlk","timeElapsed":241,"timestamp":"2026-06-15T14:03:58.722Z"}
{"level":"info","message":"⌛ Building environment","timeElapsed":310,"timestamp":"2026-06-15T14:03:59.047Z"}
{"level":"info","message":"⌛ Validating tests.wtest","timeElapsed":279,"timestamp":"2026-06-15T14:03:59.376Z"}
{"level":"info","message":"⌛ Validating mainExample.wpgm","timeElapsed":337,"timestamp":"2026-06-15T14:03:59.714Z"}
{"level":"info","message":"⌛ Validating assets/mainExample.wpgm","timeElapsed":282,"timestamp":"2026-06-15T14:03:59.997Z"}
{"level":"info","message":"⌛ Validating game.wlk","timeElapsed":246,"timestamp":"2026-06-15T14:04:00.271Z"}
{"level":"info","message":"⌛ Validating tests.wtest","timeElapsed":151,"timestamp":"2026-06-15T14:04:00.422Z"}
{"level":"info","message":"⌛ Validating mainExample.wpgm","timeElapsed":149,"timestamp":"2026-06-15T14:04:00.574Z"}
{"level":"info","message":"⌛ Validating assets/mainExample.wpgm","timeElapsed":157,"timestamp":"2026-06-15T14:04:00.736Z"}
{"level":"info","message":"⌛ Building environment","timeElapsed":512,"timestamp":"2026-06-15T14:05:45.286Z"}
{"level":"info","message":"⌛ Validating game.wlk","timeElapsed":757,"timestamp":"2026-06-15T14:05:46.711Z"}
{"level":"info","message":"⌛ Validating tests.wtest","timeElapsed":201,"timestamp":"2026-06-15T14:05:46.918Z"}
{"level":"info","message":"⌛ Validating mainExample.wpgm","timeElapsed":167,"timestamp":"2026-06-15T14:05:47.085Z"}
{"level":"info","message":"⌛ Validating assets/mainExample.wpgm","timeElapsed":263,"timestamp":"2026-06-15T14:05:47.411Z"}
{"level":"info","message":"⌛ Building environment","timeElapsed":359,"timestamp":"2026-06-15T14:05:47.782Z"}
{"level":"info","message":"⌛ Validating game.wlk","timeElapsed":353,"timestamp":"2026-06-15T14:05:48.140Z"}
{"level":"info","message":"⌛ Validating tests.wtest","timeElapsed":274,"timestamp":"2026-06-15T14:05:48.487Z"}
{"level":"info","message":"⌛ Validating mainExample.wpgm","timeElapsed":211,"timestamp":"2026-06-15T14:05:48.701Z"}
{"level":"info","message":"⌛ Validating assets/mainExample.wpgm","timeElapsed":249,"timestamp":"2026-06-15T14:05:48.952Z"}
{"level":"info","message":"🚀 Program executed \u001b[3m\u001b[34mmainExample.PiedraPapelTijera\u001b[39m\u001b[23m on \u001b[3m\u001b[34mc:\\Users\\Estudiante\\Desktop\\Piedra-Papel-Tijera.wollok\u001b[39m\u001b[23m","ok":true,"timeElapsed":1810,"timestamp":"2026-06-15T14:05:56.067Z"}
{"exitCode":"SIGINT","level":"info","message":"👾 Game executed mainExample.PiedraPapelTijera on c:\\Users\\Estudiante\\Desktop\\Piedra-Papel-Tijera.wollok","timeElapsed":27730,"timestamp":"2026-06-15T14:06:21.985Z"}
{"level":"info","message":"⌛ Building environment","timeElapsed":298,"timestamp":"2026-06-15T14:06:32.692Z"}
{"level":"info","message":"⌛ Building environment","timeElapsed":240,"timestamp":"2026-06-15T14:06:32.934Z"}
{"level":"info","message":"Removing diagnostics from /C:/Users/Estudiante/Desktop/Piedra-Papel-Tijera.wollok/assets/duda.png","timestamp":"2026-06-15T14:06:33.050Z"}
{"level":"info","message":"⌛ Building environment","timeElapsed":553,"timestamp":"2026-06-15T14:28:25.458Z"}
{"level":"info","message":"⌛ Building environment","timeElapsed":325,"timestamp":"2026-06-15T14:28:26.278Z"}
{"level":"info","message":"⌛ Validating game.wlk","timeElapsed":431,"timestamp":"2026-06-15T14:28:26.710Z"}
{"level":"info","message":"⌛ Validating game.wlk","timeElapsed":872,"timestamp":"2026-06-15T14:28:27.800Z"}
{"level":"info","message":"🚀 Program executed \u001b[3m\u001b[34mmainExample.PiedraPapelTijera\u001b[39m\u001b[23m on \u001b[3m\u001b[34mc:\\Users\\Estudiante\\Desktop\\Piedra-Papel-Tijera.wollok\u001b[39m\u001b[23m","ok":true,"timeElapsed":912,"timestamp":"2026-06-15T14:29:27.516Z"}
{"level":"info","message":"⌛ Building environment","timeElapsed":618,"timestamp":"2026-06-15T14:30:16.919Z"}
{"level":"info","message":"⌛ Validating game.wlk","timeElapsed":338,"timestamp":"2026-06-15T14:30:17.486Z"}
{"level":"info","message":"⌛ Building environment","timeElapsed":544,"timestamp":"2026-06-15T14:30:18.031Z"}
{"level":"info","message":"⌛ Validating game.wlk","timeElapsed":499,"timestamp":"2026-06-15T14:30:18.601Z"}
{"exitCode":"SIGINT","level":"info","message":"👾 Game executed mainExample.PiedraPapelTijera on c:\\Users\\Estudiante\\Desktop\\Piedra-Papel-Tijera.wollok","timeElapsed":53812,"timestamp":"2026-06-15T14:30:20.412Z"}
{"level":"info","message":"⌛ Building environment","timeElapsed":303,"timestamp":"2026-06-15T14:30:26.574Z"}
{"level":"info","message":"⌛ Validating game.wlk","timeElapsed":289,"timestamp":"2026-06-15T14:30:26.928Z"}
{"level":"info","message":"⌛ Building environment","timeElapsed":444,"timestamp":"2026-06-15T14:30:27.671Z"}
{"level":"info","message":"⌛ Building environment","timeElapsed":372,"timestamp":"2026-06-15T14:30:28.400Z"}
{"level":"info","message":"⌛ Validating game.wlk","timeElapsed":317,"timestamp":"2026-06-15T14:30:28.743Z"}
{"level":"info","message":"⌛ Building environment","timeElapsed":337,"timestamp":"2026-06-15T14:30:29.158Z"}
{"level":"info","message":"⌛ Validating game.wlk","timeElapsed":395,"timestamp":"2026-06-15T14:30:29.584Z"}
{"level":"info","message":"⌛ Validating game.wlk","timeElapsed":437,"timestamp":"2026-06-15T14:30:30.023Z"}
{"level":"info","message":"⌛ Building environment","timeElapsed":259,"timestamp":"2026-06-15T14:30:30.287Z"}
{"level":"info","message":"⌛ Building environment","timeElapsed":614,"timestamp":"2026-06-15T14:30:30.930Z"}
{"level":"info","message":"⌛ Building environment","timeElapsed":450,"timestamp":"2026-06-15T14:30:31.421Z"}
{"level":"info","message":"⌛ Validating game.wlk","timeElapsed":721,"timestamp":"2026-06-15T14:30:32.283Z"}
{"level":"info","message":"⌛ Validating game.wlk","timeElapsed":313,"timestamp":"2026-06-15T14:30:32.633Z"}
{"level":"info","message":"⌛ Validating game.wlk","timeElapsed":361,"timestamp":"2026-06-15T14:30:33.001Z"}
{"level":"info","message":"🚀 Program executed \u001b[3m\u001b[34mmainExample.PiedraPapelTijera\u001b[39m\u001b[23m on \u001b[3m\u001b[34mc:\\Users\\Estudiante\\Desktop\\Piedra-Papel-Tijera.wollok\u001b[39m\u001b[23m","ok":true,"timeElapsed":979,"timestamp":"2026-06-15T14:30:41.133Z"}
{"exitCode":"SIGINT","level":"info","message":"👾 Game executed mainExample.PiedraPapelTijera on c:\\Users\\Estudiante\\Desktop\\Piedra-Papel-Tijera.wollok","timeElapsed":93492,"timestamp":"2026-06-15T14:32:13.623Z"}
{"level":"info","message":"⌛ Building environment","timeElapsed":479,"timestamp":"2026-06-15T14:41:22.409Z"}
{"level":"info","message":"⌛ Building environment","timeElapsed":269,"timestamp":"2026-06-15T14:41:22.680Z"}
{"level":"info","message":"⌛ Validating game.wlk","timeElapsed":301,"timestamp":"2026-06-15T14:41:23.000Z"}
{"level":"info","message":"⌛ Validating game.wlk","timeElapsed":408,"timestamp":"2026-06-15T14:41:23.477Z"}
{"level":"info","message":"⌛ Building environment","timeElapsed":318,"timestamp":"2026-06-15T14:41:24.401Z"}
{"level":"info","message":"⌛ Building environment","timeElapsed":350,"timestamp":"2026-06-15T14:41:24.756Z"}
{"level":"info","message":"⌛ Building environment","timeElapsed":265,"timestamp":"2026-06-15T14:41:25.022Z"}
{"level":"info","message":"⌛ Building environment","timeElapsed":334,"timestamp":"2026-06-15T14:41:25.358Z"}
{"level":"info","message":"⌛ Building environment","timeElapsed":321,"timestamp":"2026-06-15T14:41:25.710Z"}
{"level":"info","message":"⌛ Building environment","timeElapsed":366,"timestamp":"2026-06-15T14:41:26.078Z"}
{"level":"info","message":"⌛ Validating game.wlk","timeElapsed":401,"timestamp":"2026-06-15T14:41:26.480Z"}
{"level":"info","message":"⌛ Building environment","timeElapsed":271,"timestamp":"2026-06-15T14:41:26.779Z"}
{"level":"info","message":"⌛ Building environment","timeElapsed":360,"timestamp":"2026-06-15T14:41:27.188Z"}
{"level":"info","message":"⌛ Building environment","timeElapsed":307,"timestamp":"2026-06-15T14:41:27.686Z"}
{"level":"info","message":"⌛ Validating game.wlk","timeElapsed":337,"timestamp":"2026-06-15T14:41:28.024Z"}
{"level":"info","message":"⌛ Building environment","timeElapsed":367,"timestamp":"2026-06-15T14:41:28.439Z"}
{"level":"info","message":"⌛ Building environment","timeElapsed":433,"timestamp":"2026-06-15T14:41:28.879Z"}
{"level":"info","message":"⌛ Validating game.wlk","timeElapsed":358,"timestamp":"2026-06-15T14:41:29.238Z"}
{"level":"info","message":"⌛ Validating game.wlk","timeElapsed":327,"timestamp":"2026-06-15T14:41:29.590Z"}
{"level":"info","message":"⌛ Validating game.wlk","timeElapsed":268,"timestamp":"2026-06-15T14:41:29.859Z"}
{"level":"info","message":"⌛ Building environment","timeElapsed":310,"timestamp":"2026-06-15T14:41:30.171Z"}
{"level":"info","message":"⌛ Validating game.wlk","timeElapsed":336,"timestamp":"2026-06-15T14:41:30.509Z"}
{"level":"info","message":"⌛ Building environment","timeElapsed":788,"timestamp":"2026-06-15T14:41:31.326Z"}
{"level":"info","message":"⌛ Building environment","timeElapsed":308,"timestamp":"2026-06-15T14:41:31.658Z"}
{"level":"info","message":"⌛ Building environment","timeElapsed":302,"timestamp":"2026-06-15T14:41:31.974Z"}
{"level":"info","message":"⌛ Building environment","timeElapsed":274,"timestamp":"2026-06-15T14:41:32.252Z"}
{"level":"info","message":"⌛ Building environment","timeElapsed":337,"timestamp":"2026-06-15T14:41:32.591Z"}
{"level":"info","message":"⌛ Validating game.wlk","timeElapsed":222,"timestamp":"2026-06-15T14:41:32.864Z"}
{"level":"info","message":"⌛ Validating game.wlk","timeElapsed":182,"timestamp":"2026-06-15T14:41:33.047Z"}
{"level":"info","message":"⌛ Validating game.wlk","timeElapsed":181,"timestamp":"2026-06-15T14:41:33.229Z"}
{"level":"info","message":"⌛ Validating game.wlk","timeElapsed":183,"timestamp":"2026-06-15T14:41:33.413Z"}
{"level":"info","message":"⌛ Validating game.wlk","timeElapsed":185,"timestamp":"2026-06-15T14:41:33.599Z"}
{"level":"info","message":"⌛ Validating game.wlk","timeElapsed":163,"timestamp":"2026-06-15T14:41:33.762Z"}
{"level":"info","message":"⌛ Building environment","timeElapsed":217,"timestamp":"2026-06-15T14:41:33.992Z"}
{"level":"info","message":"⌛ Validating game.wlk","timeElapsed":259,"timestamp":"2026-06-15T14:41:34.297Z"}
{"level":"info","message":"⌛ Validating game.wlk","timeElapsed":344,"timestamp":"2026-06-15T14:41:34.641Z"}
{"level":"info","message":"⌛ Validating game.wlk","timeElapsed":402,"timestamp":"2026-06-15T14:41:35.049Z"}
{"level":"info","message":"⌛ Validating game.wlk","timeElapsed":271,"timestamp":"2026-06-15T14:41:35.322Z"}
{"level":"info","message":"⌛ Validating game.wlk","timeElapsed":222,"timestamp":"2026-06-15T14:41:35.545Z"}
{"level":"info","message":"⌛ Validating game.wlk","timeElapsed":216,"timestamp":"2026-06-15T14:41:35.762Z"}
{"level":"info","message":"⌛ Building environment","timeElapsed":339,"timestamp":"2026-06-15T14:41:52.316Z"}
{"level":"info","message":"⌛ Validating game.wlk","timeElapsed":263,"timestamp":"2026-06-15T14:41:52.761Z"}
{"level":"info","message":"⌛ Building environment","timeElapsed":307,"timestamp":"2026-06-15T14:41:54.200Z"}
{"level":"info","message":"⌛ Validating game.wlk","timeElapsed":300,"timestamp":"2026-06-15T14:41:54.750Z"}
{"level":"info","message":"⌛ Building environment","timeElapsed":275,"timestamp":"2026-06-15T14:41:57.244Z"}
{"level":"info","message":"⌛ Building environment","timeElapsed":315,"timestamp":"2026-06-15T14:41:57.613Z"}
{"level":"info","message":"⌛ Validating game.wlk","timeElapsed":294,"timestamp":"2026-06-15T14:41:57.952Z"}
{"level":"info","message":"⌛ Validating game.wlk","timeElapsed":347,"timestamp":"2026-06-15T14:41:58.300Z"}
{"level":"info","message":"⌛ Building environment","timeElapsed":240,"timestamp":"2026-06-15T14:42:07.399Z"}
{"level":"info","message":"⌛ Validating mainExample.wpgm","timeElapsed":236,"timestamp":"2026-06-15T14:42:07.657Z"}
{"level":"info","message":"⌛ Building environment","timeElapsed":237,"timestamp":"2026-06-15T14:42:10.861Z"}
{"level":"info","message":"⌛ Validating mainExample.wpgm","timeElapsed":338,"timestamp":"2026-06-15T14:42:11.305Z"}
{"level":"info","message":"⌛ Building environment","timeElapsed":162,"timestamp":"2026-06-15T14:42:11.471Z"}
{"level":"info","message":"⌛ Validating mainExample.wpgm","timeElapsed":316,"timestamp":"2026-06-15T14:42:11.850Z"}
{"level":"info","message":"⌛ Building environment","timeElapsed":357,"timestamp":"2026-06-15T14:42:14.714Z"}
{"level":"info","message":"⌛ Validating mainExample.wpgm","timeElapsed":233,"timestamp":"2026-06-15T14:42:14.975Z"}
{"level":"info","message":"⌛ Building environment","timeElapsed":184,"timestamp":"2026-06-15T14:42:17.181Z"}
{"level":"info","message":"⌛ Building environment","timeElapsed":153,"timestamp":"2026-06-15T14:42:17.365Z"}
{"level":"info","message":"⌛ Building environment","timeElapsed":178,"timestamp":"2026-06-15T14:42:17.575Z"}
{"level":"info","message":"⌛ Validating mainExample.wpgm","timeElapsed":263,"timestamp":"2026-06-15T14:42:17.859Z"}
{"level":"info","message":"⌛ Building environment","timeElapsed":195,"timestamp":"2026-06-15T14:42:18.057Z"}
{"level":"info","message":"⌛ Validating mainExample.wpgm","timeElapsed":257,"timestamp":"2026-06-15T14:42:18.344Z"}
{"level":"info","message":"⌛ Validating mainExample.wpgm","timeElapsed":259,"timestamp":"2026-06-15T14:42:18.607Z"}
{"level":"info","message":"⌛ Validating mainExample.wpgm","timeElapsed":205,"timestamp":"2026-06-15T14:42:18.813Z"}
{"level":"info","message":"⌛ Building environment","timeElapsed":153,"timestamp":"2026-06-15T14:42:21.442Z"}
{"level":"info","message":"⌛ Validating mainExample.wpgm","timeElapsed":313,"timestamp":"2026-06-15T14:42:21.843Z"}
{"level":"info","message":"⌛ Building environment","timeElapsed":220,"timestamp":"2026-06-15T14:42:22.971Z"}
{"level":"info","message":"⌛ Building environment","timeElapsed":1063,"timestamp":"2026-06-15T14:42:24.035Z"}
{"level":"info","message":"⌛ Validating mainExample.wpgm","timeElapsed":315,"timestamp":"2026-06-15T14:42:24.385Z"}
{"level":"info","message":"⌛ Building environment","timeElapsed":313,"timestamp":"2026-06-15T14:42:24.699Z"}
{"level":"info","message":"⌛ Validating mainExample.wpgm","timeElapsed":218,"timestamp":"2026-06-15T14:42:24.950Z"}
{"level":"info","message":"⌛ Validating mainExample.wpgm","timeElapsed":204,"timestamp":"2026-06-15T14:42:25.165Z"}
{"level":"info","message":"⌛ Building environment","timeElapsed":207,"timestamp":"2026-06-15T14:42:25.664Z"}
{"level":"info","message":"⌛ Validating mainExample.wpgm","timeElapsed":302,"timestamp":"2026-06-15T14:42:26.004Z"}
{"level":"info","message":"⌛ Building environment","timeElapsed":261,"timestamp":"2026-06-15T14:42:30.849Z"}
{"level":"info","message":"⌛ Building environment","timeElapsed":261,"timestamp":"2026-06-15T14:42:31.124Z"}
{"level":"info","message":"⌛ Building environment","timeElapsed":255,"timestamp":"2026-06-15T14:42:31.382Z"}
{"level":"info","message":"⌛ Building environment","timeElapsed":275,"timestamp":"2026-06-15T14:42:31.658Z"}
{"level":"info","message":"⌛ Validating mainExample.wpgm","timeElapsed":352,"timestamp":"2026-06-15T14:42:32.027Z"}
{"level":"info","message":"⌛ Building environment","timeElapsed":329,"timestamp":"2026-06-15T14:42:32.358Z"}
{"level":"info","message":"⌛ Building environment","timeElapsed":173,"timestamp":"2026-06-15T14:42:32.550Z"}
{"level":"info","message":"⌛ Building environment","timeElapsed":162,"timestamp":"2026-06-15T14:42:32.737Z"}
{"level":"info","message":"⌛ Building environment","timeElapsed":252,"timestamp":"2026-06-15T14:42:33.010Z"}
{"level":"info","message":"⌛ Building environment","timeElapsed":173,"timestamp":"2026-06-15T14:42:33.234Z"}
{"level":"info","message":"⌛ Building environment","timeElapsed":152,"timestamp":"2026-06-15T14:42:33.408Z"}
{"level":"info","message":"⌛ Building environment","timeElapsed":177,"timestamp":"2026-06-15T14:42:33.607Z"}
{"level":"info","message":"⌛ Building environment","timeElapsed":188,"timestamp":"2026-06-15T14:42:33.814Z"}
{"level":"info","message":"⌛ Validating mainExample.wpgm","timeElapsed":323,"timestamp":"2026-06-15T14:42:34.174Z"}
{"level":"info","message":"⌛ Validating mainExample.wpgm","timeElapsed":380,"timestamp":"2026-06-15T14:42:34.557Z"}
{"level":"info","message":"⌛ Validating mainExample.wpgm","timeElapsed":240,"timestamp":"2026-06-15T14:42:34.798Z"}
{"level":"info","message":"⌛ Validating mainExample.wpgm","timeElapsed":231,"timestamp":"2026-06-15T14:42:35.033Z"}
{"level":"info","message":"⌛ Validating mainExample.wpgm","timeElapsed":259,"timestamp":"2026-06-15T14:42:35.297Z"}
{"level":"info","message":"⌛ Validating mainExample.wpgm","timeElapsed":286,"timestamp":"2026-06-15T14:42:35.597Z"}
{"level":"info","message":"⌛ Building environment","timeElapsed":764,"timestamp":"2026-06-15T14:42:36.375Z"}
{"level":"info","message":"⌛ Building environment","timeElapsed":269,"timestamp":"2026-06-15T14:42:36.863Z"}
{"level":"info","message":"⌛ Validating mainExample.wpgm","timeElapsed":337,"timestamp":"2026-06-15T14:42:37.229Z"}
{"level":"info","message":"⌛ Building environment","timeElapsed":248,"timestamp":"2026-06-15T14:42:37.477Z"}
{"level":"info","message":"⌛ Validating mainExample.wpgm","timeElapsed":316,"timestamp":"2026-06-15T14:42:37.814Z"}
{"level":"info","message":"⌛ Validating mainExample.wpgm","timeElapsed":361,"timestamp":"2026-06-15T14:42:38.178Z"}
{"level":"info","message":"⌛ Validating mainExample.wpgm","timeElapsed":333,"timestamp":"2026-06-15T14:42:38.512Z"}
{"level":"info","message":"⌛ Validating mainExample.wpgm","timeElapsed":358,"timestamp":"2026-06-15T14:42:38.871Z"}
{"level":"info","message":"⌛ Building environment","timeElapsed":228,"timestamp":"2026-06-15T14:42:39.100Z"}
{"level":"info","message":"⌛ Building environment","timeElapsed":216,"timestamp":"2026-06-15T14:42:39.333Z"}
{"level":"info","message":"⌛ Building environment","timeElapsed":261,"timestamp":"2026-06-15T14:42:39.610Z"}
{"level":"info","message":"⌛ Building environment","timeElapsed":280,"timestamp":"2026-06-15T14:42:39.921Z"}
{"level":"info","message":"⌛ Validating mainExample.wpgm","timeElapsed":302,"timestamp":"2026-06-15T14:42:40.281Z"}
{"level":"info","message":"⌛ Validating mainExample.wpgm","timeElapsed":289,"timestamp":"2026-06-15T14:42:40.571Z"}
{"level":"info","message":"⌛ Building environment","timeElapsed":480,"timestamp":"2026-06-15T14:42:41.119Z"}
{"level":"info","message":"⌛ Validating mainExample.wpgm","timeElapsed":331,"timestamp":"2026-06-15T14:42:41.469Z"}
{"level":"info","message":"⌛ Building environment","timeElapsed":515,"timestamp":"2026-06-15T14:42:41.986Z"}
{"level":"info","message":"⌛ Building environment","timeElapsed":254,"timestamp":"2026-06-15T14:42:42.241Z"}
{"level":"info","message":"⌛ Building environment","timeElapsed":276,"timestamp":"2026-06-15T14:42:42.518Z"}
{"level":"info","message":"⌛ Building environment","timeElapsed":314,"timestamp":"2026-06-15T14:42:42.842Z"}
{"level":"info","message":"⌛ Building environment","timeElapsed":184,"timestamp":"2026-06-15T14:42:43.050Z"}
{"level":"info","message":"⌛ Validating mainExample.wpgm","timeElapsed":187,"timestamp":"2026-06-15T14:42:43.239Z"}
{"level":"info","message":"⌛ Building environment","timeElapsed":141,"timestamp":"2026-06-15T14:42:43.398Z"}
{"level":"info","message":"⌛ Building environment","timeElapsed":157,"timestamp":"2026-06-15T14:42:43.558Z"}
{"level":"info","message":"⌛ Validating mainExample.wpgm","timeElapsed":257,"timestamp":"2026-06-15T14:42:43.822Z"}
{"level":"error","message":"✘ Failed to rebuild document Failed to parse mainExample.wpgm: \n-- PARSING FAILED --------------------------------------------------\n\n  61 | \n  62 | \tgame.start()\n> 63 | }\n     | ^\n\nExpected one of the following: \n\n'@', 'class', 'const', 'describe', 'mixin', 'object', 'only', 'package', 'program', 'test', 'var', '{', EOF, comment, not \"}\", whitespace\n","stack":"Error: Failed to parse mainExample.wpgm: \n-- PARSING FAILED --------------------------------------------------\n\n  61 | \n  62 | \tgame.start()\n> 63 | }\n     | ^\n\nExpected one of the following: \n\n'@', 'class', 'const', 'describe', 'mixin', 'object', 'only', 'package', 'program', 'test', 'var', '{', EOF, comment, not \"}\", whitespace\n\n    at c:\\Users\\Estudiante\\.vscode\\extensions\\uqbar.wollok-lsp-ide-0.5.4\\out\\server\\src\\server.js:2353:13026\n    at Array.map (<anonymous>)\n    at U1n (c:\\Users\\Estudiante\\.vscode\\extensions\\uqbar.wollok-lsp-ide-0.5.4\\out\\server\\src\\server.js:2353:12950)\n    at H2.buildEnvironmentFrom (c:\\Users\\Estudiante\\.vscode\\extensions\\uqbar.wollok-lsp-ide-0.5.4\\out\\server\\src\\server.js:2398:5254)\n    at H2.updateEnvironmentWith (c:\\Users\\Estudiante\\.vscode\\extensions\\uqbar.wollok-lsp-ide-0.5.4\\out\\server\\src\\server.js:2398:4989)\n    at GF (c:\\Users\\Estudiante\\.vscode\\extensions\\uqbar.wollok-lsp-ide-0.5.4\\out\\server\\src\\server.js:2398:7383)\n    at V3.invoke (c:\\Users\\Estudiante\\.vscode\\extensions\\uqbar.wollok-lsp-ide-0.5.4\\out\\server\\src\\server.js:3:157328)\n    at o.fire (c:\\Users\\Estudiante\\.vscode\\extensions\\uqbar.wollok-lsp-ide-0.5.4\\out\\server\\src\\server.js:3:158098)\n    at c:\\Users\\Estudiante\\.vscode\\extensions\\uqbar.wollok-lsp-ide-0.5.4\\out\\server\\src\\server.js:37:57871\n    at nd (c:\\Users\\Estudiante\\.vscode\\extensions\\uqbar.wollok-lsp-ide-0.5.4\\out\\server\\src\\server.js:8:1561)","timestamp":"2026-06-15T14:42:43.863Z"}
{"level":"info","message":"⌛ Validating mainExample.wpgm","timeElapsed":178,"timestamp":"2026-06-15T14:42:44.069Z"}
{"level":"info","message":"⌛ Validating mainExample.wpgm","timeElapsed":177,"timestamp":"2026-06-15T14:42:44.248Z"}
{"level":"info","message":"⌛ Building environment","timeElapsed":158,"timestamp":"2026-06-15T14:42:44.424Z"}
{"level":"info","message":"⌛ Validating mainExample.wpgm","timeElapsed":232,"timestamp":"2026-06-15T14:42:44.689Z"}
{"level":"info","message":"⌛ Validating mainExample.wpgm","timeElapsed":365,"timestamp":"2026-06-15T14:42:45.063Z"}
{"level":"info","message":"⌛ Validating mainExample.wpgm","timeElapsed":295,"timestamp":"2026-06-15T14:42:45.360Z"}
{"level":"info","message":"⌛ Validating mainExample.wpgm","timeElapsed":206,"timestamp":"2026-06-15T14:42:45.568Z"}
{"level":"info","message":"⌛ Validating mainExample.wpgm","timeElapsed":263,"timestamp":"2026-06-15T14:42:45.832Z"}
{"level":"info","message":"⌛ Validating mainExample.wpgm","timeElapsed":268,"timestamp":"2026-06-15T14:42:46.105Z"}
{"level":"info","message":"⌛ Validating mainExample.wpgm","timeElapsed":245,"timestamp":"2026-06-15T14:42:46.352Z"}
{"level":"info","message":"⌛ Validating mainExample.wpgm","timeElapsed":242,"timestamp":"2026-06-15T14:42:46.597Z"}
{"level":"info","message":"⌛ Validating mainExample.wpgm","timeElapsed":162,"timestamp":"2026-06-15T14:42:46.771Z"}
{"level":"info","message":"🚀 Program executed \u001b[3m\u001b[34mmainExample.PiedraPapelTijera\u001b[39m\u001b[23m on \u001b[3m\u001b[34mc:\\Users\\Estudiante\\Desktop\\Piedra-Papel-Tijera.wollok\u001b[39m\u001b[23m","ok":true,"timeElapsed":1147,"timestamp":"2026-06-15T14:42:59.368Z"}
{"exitCode":"SIGINT","level":"info","message":"👾 Game executed mainExample.PiedraPapelTijera on c:\\Users\\Estudiante\\Desktop\\Piedra-Papel-Tijera.wollok","timeElapsed":29638,"timestamp":"2026-06-15T14:43:27.857Z"}
{"level":"info","message":"⌛ Building environment","timeElapsed":729,"timestamp":"2026-06-15T19:43:03.854Z"}
{"level":"info","message":"⌛ Building environment","timeElapsed":742,"timestamp":"2026-06-15T19:43:04.602Z"}
{"level":"info","message":"⌛ Building environment","timeElapsed":152,"timestamp":"2026-06-15T19:43:05.196Z"}
{"level":"info","message":"⌛ Building environment","timeElapsed":530,"timestamp":"2026-06-15T19:43:11.107Z"}
{"level":"info","message":"⌛ Validating mainExample.wpgm","timeElapsed":361,"timestamp":"2026-06-15T19:43:11.639Z"}
{"level":"info","message":"⌛ Building environment","timeElapsed":288,"timestamp":"2026-06-15T19:43:11.930Z"}
{"level":"info","message":"⌛ Building environment","timeElapsed":473,"timestamp":"2026-06-15T19:43:12.405Z"}
{"level":"info","message":"⌛ Validating tests.wtest","timeElapsed":420,"timestamp":"2026-06-15T19:43:16.574Z"}
{"level":"info","message":"⌛ Validating game.wlk","timeElapsed":488,"timestamp":"2026-06-15T19:43:17.815Z"}
{"level":"info","message":"⌛ Validating assets/mainExample.wpgm","timeElapsed":338,"timestamp":"2026-06-15T19:43:19.052Z"}
{"level":"info","message":"⌛ Validating mainExample.wpgm","timeElapsed":374,"timestamp":"2026-06-15T19:43:20.449Z"}
{"level":"info","message":"⌛ Validating tests.wtest","timeElapsed":203,"timestamp":"2026-06-15T19:43:20.667Z"}
{"level":"info","message":"⌛ Validating game.wlk","timeElapsed":224,"timestamp":"2026-06-15T19:43:20.949Z"}
{"level":"info","message":"⌛ Validating assets/mainExample.wpgm","timeElapsed":173,"timestamp":"2026-06-15T19:43:21.124Z"}
{"level":"info","message":"⌛ Building environment","timeElapsed":550,"timestamp":"2026-06-15T19:43:25.400Z"}
{"level":"info","message":"⌛ Validating mainExample.wpgm","timeElapsed":278,"timestamp":"2026-06-15T19:43:25.683Z"}
{"level":"info","message":"⌛ Validating tests.wtest","timeElapsed":240,"timestamp":"2026-06-15T19:43:25.924Z"}
{"level":"info","message":"⌛ Validating game.wlk","timeElapsed":200,"timestamp":"2026-06-15T19:43:26.125Z"}
{"level":"info","message":"⌛ Validating assets/mainExample.wpgm","timeElapsed":210,"timestamp":"2026-06-15T19:43:26.336Z"}
{"level":"info","message":"⌛ Building environment","timeElapsed":730,"timestamp":"2026-06-15T20:02:04.103Z"}
{"level":"info","message":"⌛ Validating mainExample.wpgm","timeElapsed":492,"timestamp":"2026-06-15T20:02:04.607Z"}
{"level":"info","message":"⌛ Building environment","timeElapsed":884,"timestamp":"2026-06-15T20:06:34.925Z"}
{"level":"info","message":"⌛ Building environment","timeElapsed":308,"timestamp":"2026-06-15T20:06:35.240Z"}
{"level":"info","message":"Removing diagnostics from /C:/Users/Estudiante/Desktop/Piedra-Papel-Tijera.wollok/assets/aclaracion.png","timestamp":"2026-06-15T20:06:35.382Z"}
{"level":"info","message":"⌛ Building environment","timeElapsed":215,"timestamp":"2026-06-15T20:06:35.767Z"}
{"level":"info","message":"⌛ Building environment","timeElapsed":285,"timestamp":"2026-06-15T20:06:36.056Z"}
{"level":"info","message":"⌛ Building environment","timeElapsed":202,"timestamp":"2026-06-15T20:06:36.284Z"}
{"level":"info","message":"⌛ Validating tests.wtest","timeElapsed":210,"timestamp":"2026-06-15T20:06:36.499Z"}
{"level":"info","message":"⌛ Validating game.wlk","timeElapsed":269,"timestamp":"2026-06-15T20:06:36.824Z"}
{"level":"info","message":"⌛ Validating assets/mainExample.wpgm","timeElapsed":230,"timestamp":"2026-06-15T20:06:37.056Z"}
{"level":"info","message":"⌛ Building environment","timeElapsed":464,"timestamp":"2026-06-15T20:08:38.051Z"}
{"level":"info","message":"⌛ Validating mainExample.wpgm","timeElapsed":847,"timestamp":"2026-06-15T20:08:39.001Z"}
{"level":"info","message":"⌛ Validating tests.wtest","timeElapsed":452,"timestamp":"2026-06-15T20:08:39.454Z"}
{"level":"info","message":"⌛ Validating game.wlk","timeElapsed":235,"timestamp":"2026-06-15T20:08:39.703Z"}
{"level":"info","message":"⌛ Validating assets/mainExample.wpgm","timeElapsed":158,"timestamp":"2026-06-15T20:08:39.862Z"}
{"level":"info","message":"⌛ Building environment","timeElapsed":327,"timestamp":"2026-06-15T20:08:40.205Z"}
{"level":"info","message":"⌛ Validating mainExample.wpgm","timeElapsed":300,"timestamp":"2026-06-15T20:08:40.514Z"}
{"level":"info","message":"⌛ Validating tests.wtest","timeElapsed":194,"timestamp":"2026-06-15T20:08:40.752Z"}
{"level":"info","message":"⌛ Validating game.wlk","timeElapsed":237,"timestamp":"2026-06-15T20:08:40.992Z"}
{"level":"info","message":"⌛ Validating assets/mainExample.wpgm","timeElapsed":288,"timestamp":"2026-06-15T20:08:41.280Z"}
{"level":"info","message":"🚀 Program executed \u001b[3m\u001b[34mmainExample.PiedraPapelTijera\u001b[39m\u001b[23m on \u001b[3m\u001b[34mc:\\Users\\Estudiante\\Desktop\\Piedra-Papel-Tijera.wollok\u001b[39m\u001b[23m","ok":true,"timeElapsed":1559,"timestamp":"2026-06-15T20:08:48.645Z"}
{"level":"info","message":"⌛ Building environment","timeElapsed":426,"timestamp":"2026-06-15T20:09:29.457Z"}
{"level":"info","message":"⌛ Building environment","timeElapsed":376,"timestamp":"2026-06-15T20:09:29.835Z"}
{"level":"info","message":"Removing diagnostics from /C:/Users/Estudiante/Desktop/Piedra-Papel-Tijera.wollok/assets/aclaracion.png","timestamp":"2026-06-15T20:09:29.946Z"}
{"level":"info","message":"⌛ Building environment","timeElapsed":523,"timestamp":"2026-06-15T20:09:35.542Z"}
{"level":"info","message":"⌛ Building environment","timeElapsed":532,"timestamp":"2026-06-15T20:09:36.080Z"}
{"level":"info","message":"Removing diagnostics from /C:/Users/Estudiante/Desktop/Piedra-Papel-Tijera.wollok/assets/aclaracion_.png","timestamp":"2026-06-15T20:09:36.202Z"}
{"level":"info","message":"⌛ Building environment","timeElapsed":190,"timestamp":"2026-06-15T20:09:36.648Z"}
{"exitCode":"SIGINT","level":"info","message":"👾 Game executed mainExample.PiedraPapelTijera on c:\\Users\\Estudiante\\Desktop\\Piedra-Papel-Tijera.wollok","timeElapsed":49822,"timestamp":"2026-06-15T20:09:36.907Z"}
{"level":"info","message":"⌛ Building environment","timeElapsed":266,"timestamp":"2026-06-15T20:09:36.920Z"}
{"level":"info","message":"⌛ Building environment","timeElapsed":202,"timestamp":"2026-06-15T20:09:37.125Z"}
{"level":"info","message":"⌛ Validating tests.wtest","timeElapsed":300,"timestamp":"2026-06-15T20:09:37.428Z"}
{"level":"info","message":"⌛ Validating game.wlk","timeElapsed":333,"timestamp":"2026-06-15T20:09:37.763Z"}
{"level":"info","message":"⌛ Validating assets/mainExample.wpgm","timeElapsed":347,"timestamp":"2026-06-15T20:09:38.115Z"}
{"level":"info","message":"🚀 Program executed \u001b[3m\u001b[34mmainExample.PiedraPapelTijera\u001b[39m\u001b[23m on \u001b[3m\u001b[34mc:\\Users\\Estudiante\\Desktop\\Piedra-Papel-Tijera.wollok\u001b[39m\u001b[23m","ok":true,"timeElapsed":958,"timestamp":"2026-06-15T20:11:52.376Z"}
{"exitCode":"SIGINT","level":"info","message":"👾 Game executed mainExample.PiedraPapelTijera on c:\\Users\\Estudiante\\Desktop\\Piedra-Papel-Tijera.wollok","timeElapsed":249698,"timestamp":"2026-06-15T20:16:01.116Z"}
{"level":"info","message":"⌛ Building environment","timeElapsed":252,"timestamp":"2026-06-15T20:16:16.207Z"}
{"level":"info","message":"⌛ Validating game.wlk","timeElapsed":527,"timestamp":"2026-06-15T20:16:16.804Z"}
{"level":"info","message":"⌛ Building environment","timeElapsed":1495,"timestamp":"2026-06-16T17:43:12.437Z"}
{"level":"error","message":"✘ Failed to rebuild document Missing workspace folder!","stack":"Error: Missing workspace folder!\n    at GF (c:\\Users\\Estudiante\\.vscode\\extensions\\uqbar.wollok-lsp-ide-0.5.4\\out\\server\\src\\server.js:2398:7332)\n    at V3.invoke (c:\\Users\\Estudiante\\.vscode\\extensions\\uqbar.wollok-lsp-ide-0.5.4\\out\\server\\src\\server.js:3:157328)\n    at o.fire (c:\\Users\\Estudiante\\.vscode\\extensions\\uqbar.wollok-lsp-ide-0.5.4\\out\\server\\src\\server.js:3:158098)\n    at c:\\Users\\Estudiante\\.vscode\\extensions\\uqbar.wollok-lsp-ide-0.5.4\\out\\server\\src\\server.js:37:57488\n    at nd (c:\\Users\\Estudiante\\.vscode\\extensions\\uqbar.wollok-lsp-ide-0.5.4\\out\\server\\src\\server.js:8:1561)\n    at Lt (c:\\Users\\Estudiante\\.vscode\\extensions\\uqbar.wollok-lsp-ide-0.5.4\\out\\server\\src\\server.js:7:6224)\n    at ct (c:\\Users\\Estudiante\\.vscode\\extensions\\uqbar.wollok-lsp-ide-0.5.4\\out\\server\\src\\server.js:7:6378)\n    at Immediate._onImmediate (c:\\Users\\Estudiante\\.vscode\\extensions\\uqbar.wollok-lsp-ide-0.5.4\\out\\server\\src\\server.js:7:6142)\n    at process.processImmediate (node:internal/timers:504:21)","timestamp":"2026-06-16T17:43:12.517Z"}
{"level":"info","message":"⌛ Building environment","timeElapsed":722,"timestamp":"2026-06-16T17:43:13.538Z"}
{"level":"info","message":"⌛ Building environment","timeElapsed":435,"timestamp":"2026-06-16T17:43:14.004Z"}
{"level":"info","message":"⌛ Validating mainExample.wpgm","timeElapsed":712,"timestamp":"2026-06-16T17:43:15.748Z"}
{"level":"info","message":"⌛ Validating mainExample.wpgm","timeElapsed":518,"timestamp":"2026-06-16T17:43:27.565Z"}
{"level":"info","message":"⌛ Building environment","timeElapsed":285,"timestamp":"2026-06-16T17:43:32.176Z"}
{"level":"info","message":"⌛ Validating mainExample.wpgm","timeElapsed":475,"timestamp":"2026-06-16T17:43:32.840Z"}
